11.1s 1 [IPKernelApp] WARNING | Error in loading extension: bq_stats
11.1s 2 Check your config files in /root/.ipython/profile_default
11.1s 3 Traceback (most recent call last):
11.1s 4 File "/opt/conda/lib/python3.10/site-packages/IPython/core/shellapp.py", line 282, in init_extensions
11.1s 5 self.shell.extension_manager.load_extension(ext)
11.1s 6 File "/opt/conda/lib/python3.10/site-packages/IPython/core/extensions.py", line 76, in load_extension
11.1s 7 return self._load_extension(module_str)
11.1s 8 File "/opt/conda/lib/python3.10/site-packages/IPython/core/extensions.py", line 91, in _load_extension
11.1s 9 mod = import_module(module_str)
11.1s 10 File "/opt/conda/lib/python3.10/importlib/__init__.py", line 126, in import_module
11.1s 11 return _bootstrap._gcd_import(name[level:], package, level)
11.1s 12 File "<frozen importlib._bootstrap>", line 1050, in _gcd_import
11.1s 13 File "<frozen importlib._bootstrap>", line 1027, in _find_and_load
11.1s 14 File "<frozen importlib._bootstrap>", line 1004, in _find_and_load_unlocked
11.1s 15 ModuleNotFoundError: No module named 'bq_stats'
12.7s 16 UsoDeTelefonosMoviles  Poblacion  Porcetaje
12.7s 17 0                    Si       5440         68
12.8s 18 UsoDeTelefonosMoviles  Porcetaje
12.8s 19 0                    Si         68
12.8s 20 1                    No         32
12.9s 21 8000
13.0s 22 UsoDeTelefonosMoviles  Poblacion  Porcetaje
13.0s 23 1                    No       2560         32
14.0s 24 <class 'pandas.core.frame.DataFrame'>
14.0s 25 RangeIndex: 50 entries, 0 to 49
14.0s 26 Data columns (total 2 columns):
14.0s 27 #   Column                Non-Null Count  Dtype
14.0s 28 ---  ------                --------------  -----
14.0s 29 0   Pais                  50 non-null     object
14.0s 30 1   PorcetajePoblacional  50 non-null     float64
14.0s 31 dtypes: float64(1), object(1)
14.0s 32 memory usage: 928.0+ bytes
14.8s 33 Pais  PorcetajePoblacional
14.8s 34 24    India                  48.7
14.8s 35 26  Nigeria                  54.4
14.8s 36 27    Ghana                  68.2
14.8s 37 49    Kenia                  32.7
14.9s 38 Pais  PorcetajePoblacional
14.9s 39 1       ReinoUnido                  97.8
14.9s 40 3    ArabiaSaudita                  99.0
14.9s 41 5          Irlanda                  99.0
14.9s 42 6          Noruega                  99.0
14.9s 43 7        Australia                  96.2
14.9s 44 8         CoreaSur                  97.6
14.9s 45 9            Suiza                  98.4
14.9s 46 10       Dinamarca                  98.1
14.9s 47 12          Suecia                  97.2
14.9s 48 13  EmiratosArabes                  99.0
14.9s 49 34        Singapur                  96.9
14.9s 50 35         Malasia                  96.8
14.9s 51 36     PaisesBajos                  95.5
14.9s 52 44    NuevaZelanda                  95.9
16.2s 53 Pais                                    India
16.2s 54 PoblacionDesconectada               730027000
16.2s 55 GranNumeroPoblacional                      si
16.2s 56 NivelesBajosDeAdopcionDeInternet           no
16.2s 57 Porcentaje                               51.3
16.2s 58 Name: 0, dtype: object
16.3s 59 Pais PoblacionDesconectada
16.3s 60 0                      India             730027000
16.3s 61 1                      China             374709000
16.3s 62 2                   Pakistan             150779000
16.3s 63 3                 Bangladesh             105138000
16.3s 64 4                   Ethiopia             104073000
16.3s 65 5                    Nigeria              98635000
16.3s 66 6             RepublicaCongo              77568000
16.3s 67 7                  Indonesia              63514000
16.3s 68 8                   Tanzania              45456000
16.3s 69 9                      Kenya              36699000
16.3s 70 10                CoreaNorte           desconocido
16.3s 71 11                  SudanSur              10233000
16.3s 72 12               Afghanistan              34008000
16.3s 73 13                Madagascar              24061000
16.3s 74 14                      Chad              14776000
16.3s 75 15                Mozonbique              26504000
16.3s 76 16  RepublicaCentralAfricana               5058000
16.3s 77 17                   Burundi              11734000
16.3s 78 18                   Somalia              16108000
16.4s 79 71.12105263157895
16.5s 80 Pais PoblacionDesconectada GranNumeroPoblacional  \
16.5s 81 4                   Ethiopia             104073000                    si
16.5s 82 10                CoreaNorte           desconocido                    no
16.5s 83 11                  SudanSur              10233000                    no
16.5s 84 12               Afghanistan              34008000                    no
16.5s 85 13                Madagascar              24061000                    no
16.5s 86 14                      Chad              14776000                    no
16.5s 87 16  RepublicaCentralAfricana               5058000                    no
16.5s 88 17                   Burundi              11734000                    no
16.5s 89 18                   Somalia              16108000                    no
16.5s 90 
16.5s 91 NivelesBajosDeAdopcionDeInternet  Porcentaje
16.5s 92 4                                si        83.3
16.5s 93 10                               si        99.9
16.5s 94 11                               si        93.0
16.5s 95 12                               si        81.6
16.5s 96 13                               si        80.3
16.5s 97 14                               si        82.1
16.5s 98 16                               si        89.4
16.5s 99 17                               si        89.8
16.5s 100 18                               si        90.2
18.0s 101 NivelesBajosDeAdopcionDeInternet  GranNumeroPoblacional
18.0s 102 no                                si                       9
18.0s 103 si                                no                       9
18.0s 104 si                       1
18.0s 105 Name: Pais, dtype: int64
24.8s 106 /opt/conda/lib/python3.10/site-packages/traitlets/traitlets.py:2930: FutureWarning: --Exporter.preprocessors=["remove_papermill_header.RemovePapermillHeader"] for containers is deprecated in traitlets 5.0. You can pass `--Exporter.preprocessors item` ... multiple times to add items to a list.
24.8s 107 warn(
24.8s 108 [NbConvertApp] WARNING | Config option `kernel_spec_manager_class` not recognized by `NbConvertApp`.
24.9s 109 [NbConvertApp] Converting notebook __notebook__.ipynb to notebook
25.3s 110 [NbConvertApp] Writing 1162954 bytes to __notebook__.ipynb
26.9s 111 /opt/conda/lib/python3.10/site-packages/traitlets/traitlets.py:2930: FutureWarning: --Exporter.preprocessors=["nbconvert.preprocessors.ExtractOutputPreprocessor"] for containers is deprecated in traitlets 5.0. You can pass `--Exporter.preprocessors item` ... multiple times to add items to a list.
26.9s 112 warn(
26.9s 113 [NbConvertApp] WARNING | Config option `kernel_spec_manager_class` not recognized by `NbConvertApp`.
27.0s 114 [NbConvertApp] Converting notebook __notebook__.ipynb to html
28.0s 115 [NbConvertApp] Support files will be in __results___files/
28.0s 116 [NbConvertApp] Making directory __results___files
28.0s 117 [NbConvertApp] Making directory __results___files
28.0s 118 [NbConvertApp] Making directory __results___files
28.0s 119 [NbConvertApp] Making directory __results___files
28.0s 120 [NbConvertApp] Making directory __results___files
28.0s 121 [NbConvertApp] Making directory __results___files
28.0s 122 [NbConvertApp] Making directory __results___files
28.0s 123 [NbConvertApp] Making directory __results___files
28.0s 124 [NbConvertApp] Making directory __results___files
28.0s 125 [NbConvertApp] Making directory __results___files
28.0s 126 [NbConvertApp] Making directory __results___files
28.0s 127 [NbConvertApp] Making directory __results___files
28.0s 128 [NbConvertApp] Making directory __results___files
28.0s 129 [NbConvertApp] Making directory __results___files
28.0s 130 [NbConvertApp] Making directory __results___files
28.0s 131 [NbConvertApp] Writing 891198 bytes to __results__.html